* source: /home/ryan/github/Gigatron-Tetris/main.py
              address
              |    encoding
              |    |     instruction
              |    |     |    operands
              |    |     |    |
              V    V     V    V
              0000 0000  ld   $00
              0001 c200  st   [$00]
              0002 0001  ld   $01
              0003 c280  st   [$80]
              0004 0070  ld   $70
              0005 c21d  st   [$1d]
              0006 0001  ld   $01
              0007 c21e  st   [$1e]
              0008 0080  ld   $80
              0009 c220  st   [$20]
              000a 00c0  ld   $c0
              000b c21f  st   [$1f]
              000c 0000  ld   $00
              000d c203  st   [$03]
              000e 007f  ld   $7f
              000f c209  st   [$09]
              0010 c205  st   [$05]
              0011 003b  ld   $3b
              0012 c211  st   [$11]
              0013 0019  ld   $19
              0014 c20d  st   [$0d]
              0015 0000  ld   $00
              0016 c215  st   [$15]
              0017 0030  ld   $30
              0018 c219  st   [$19]
              0019 007f  ld   $7f
              001a c20a  st   [$0a]
              001b c206  st   [$06]
              001c 000a  ld   $0a
              001d c212  st   [$12]
              001e 0079  ld   $79
              001f c20e  st   [$0e]
              0020 0000  ld   $00
              0021 c216  st   [$16]
              0022 0030  ld   $30
              0023 c21a  st   [$1a]
              0024 007f  ld   $7f
              0025 c20b  st   [$0b]
              0026 c207  st   [$07]
              0027 0009  ld   $09
              0028 c213  st   [$13]
              0029 0006  ld   $06
              002a c20f  st   [$0f]
              002b 0000  ld   $00
              002c c217  st   [$17]
              002d 0030  ld   $30
              002e c21b  st   [$1b]
              002f 007f  ld   $7f
              0030 c20c  st   [$0c]
              0031 c208  st   [$08]
              0032 0006  ld   $06
              0033 c214  st   [$14]
              0034 0043  ld   $43
              0035 c210  st   [$10]
              0036 0000  ld   $00
              0037 c218  st   [$18]
              0038 0030  ld   $30
              0039 c21c  st   [$1c]
              003a 0000  ld   $00
              003b c221  st   [$21]
              003c 0004  ld   $04
              003d c222  st   [$22]
              003e 000a  ld   $0a
              003f c201  st   [$01]
              0040 1406  ld   $06,y
              0041 e000  jmp  y,$00
              0042 0200  nop
              0043 0200  nop              ;189 fillers
              0044 0200  nop
              0045 0200  nop
              * 189 times
oscillators:
osc0:         0100 1920  ld   [$20],out
              0101 0109  ld   [$09]
              0102 ec0f  bne  osc0.skip
              0103 0105  ld   [$05]
              0104 810d  adda [$0d]
              0105 3080  anda $80,x
              0106 207f  anda $7f
              0107 c205  st   [$05]
              0108 0111  ld   [$11]
              0109 8500  adda [x]
              010a c209  st   [$09]
              010b 0115  ld   [$15]
              010c 60f0  xora $f0
              010d fc16  bra  osc0.join
              010e c215  st   [$15]
osc0.skip:    010f 0109  ld   [$09]
              0110 a001  suba $01
              0111 c209  st   [$09]
              0112 0002  ld   $02         ;Wait 7 cycles
              0113 ec13  bne  $0113
              0114 a001  suba $01
              0115 0115  ld   [$15]
osc0.join:    0116 2119  anda [$19]
              0117 4101  ora  [$01]
              0118 c204  st   [$04]
              0119 001c  ld   $1c
              011a fd1d  bra  [$1d]
              011b c203  st   [$03]
osc1:         011c 1920  ld   [$20],out
              011d 010a  ld   [$0a]
              011e ec2b  bne  osc1.skip
              011f 0106  ld   [$06]
              0120 810e  adda [$0e]
              0121 3080  anda $80,x
              0122 207f  anda $7f
              0123 c206  st   [$06]
              0124 0112  ld   [$12]
              0125 8500  adda [x]
              0126 c20a  st   [$0a]
              0127 0116  ld   [$16]
              0128 60f0  xora $f0
              0129 fc32  bra  osc1.join
              012a c216  st   [$16]
osc1.skip:    012b 010a  ld   [$0a]
              012c a001  suba $01
              012d c20a  st   [$0a]
              012e 0002  ld   $02         ;Wait 7 cycles
              012f ec2f  bne  $012f
              0130 a001  suba $01
              0131 0116  ld   [$16]
osc1.join:    0132 211a  anda [$1a]
              0133 8104  adda [$04]
              0134 c204  st   [$04]
              0135 0038  ld   $38
              0136 fd1d  bra  [$1d]
              0137 c203  st   [$03]
osc2:         0138 1920  ld   [$20],out
              0139 010b  ld   [$0b]
              013a ec47  bne  osc2.skip
              013b 0107  ld   [$07]
              013c 810f  adda [$0f]
              013d 3080  anda $80,x
              013e 207f  anda $7f
              013f c207  st   [$07]
              0140 0113  ld   [$13]
              0141 8500  adda [x]
              0142 c20b  st   [$0b]
              0143 0117  ld   [$17]
              0144 60f0  xora $f0
              0145 fc4e  bra  osc2.join
              0146 c217  st   [$17]
osc2.skip:    0147 010b  ld   [$0b]
              0148 a001  suba $01
              0149 c20b  st   [$0b]
              014a 0002  ld   $02         ;Wait 7 cycles
              014b ec4b  bne  $014b
              014c a001  suba $01
              014d 0117  ld   [$17]
osc2.join:    014e 211b  anda [$1b]
              014f 8104  adda [$04]
              0150 c204  st   [$04]
              0151 0054  ld   $54
              0152 fd1d  bra  [$1d]
              0153 c203  st   [$03]
osc3:         0154 1920  ld   [$20],out
              0155 010c  ld   [$0c]
              0156 ec63  bne  osc3.skip
              0157 0108  ld   [$08]
              0158 8110  adda [$10]
              0159 3080  anda $80,x
              015a 207f  anda $7f
              015b c208  st   [$08]
              015c 0114  ld   [$14]
              015d 8500  adda [x]
              015e c20c  st   [$0c]
              015f 0118  ld   [$18]
              0160 60f0  xora $f0
              0161 fc6a  bra  osc3.join
              0162 c218  st   [$18]
osc3.skip:    0163 010c  ld   [$0c]
              0164 a001  suba $01
              0165 c20c  st   [$0c]
              0166 0002  ld   $02         ;Wait 7 cycles
              0167 ec67  bne  $0167
              0168 a001  suba $01
              0169 0118  ld   [$18]
osc3.join:    016a 211c  anda [$1c]
              016b 8104  adda [$04]
              016c c202  st   [$02]
              016d 0000  ld   $00
              016e fd1d  bra  [$1d]
              016f c203  st   [$03]
visible0:     0170 007a  ld   $7a
              0171 c21d  st   [$1d]
              0172 0102  ld   [$02]
              0173 191f  ld   [$1f],out
              0174 0001  ld   $01         ;Wait 6 cycles
              0175 ec75  bne  $0175
              0176 a001  suba $01
              0177 0200  nop
              0178 fcff  bra  pixels
              0179 0200  nop
visible1:     017a 0084  ld   $84
              017b c21d  st   [$1d]
              017c 0102  ld   [$02]
              017d 191f  ld   [$1f],out
              017e 0001  ld   $01         ;Wait 6 cycles
              017f ec7f  bne  $017f
              0180 a001  suba $01
              0181 0200  nop
              0182 fcff  bra  pixels
              0183 0200  nop
visible2:     0184 008e  ld   $8e
              0185 c21d  st   [$1d]
              0186 0102  ld   [$02]
              0187 191f  ld   [$1f],out
              0188 0001  ld   $01         ;Wait 6 cycles
              0189 ec89  bne  $0189
              018a a001  suba $01
              018b 0200  nop
              018c fcff  bra  pixels
              018d 0200  nop
visible3:     018e 0200  nop
              018f 1522  ld   [$22],y
              0190 0102  ld   [$02]
              0191 191f  ld   [$1f],out
              0192 011e  ld   [$1e]
              0193 8001  adda $01
              0194 c21e  st   [$1e]
              0195 6079  xora $79
              0196 ec9c  bne  visible3.else
              0197 00a0  ld   $a0
              0198 c21d  st   [$1d]
              0199 0008  ld   $08
              019a e121  jmp  y,[$21]
              019b c21e  st   [$1e]
visible3.else:
              019c 0070  ld   $70
              019d c21d  st   [$1d]
              019e e121  jmp  y,[$21]
              019f 0200  nop
vFrontFirst:  01a0 0200  nop
              01a1 1403  ld   $03,y
              01a2 0102  ld   [$02]
              01a3 191f  ld   [$1f],out
              01a4 00a7  ld   $a7
              01a5 e000  jmp  y,$00
              01a6 c21d  st   [$1d]
vFront:       01a7 1522  ld   [$22],y
              01a8 0200  nop
              01a9 0102  ld   [$02]
              01aa 191f  ld   [$1f],out
              01ab 011e  ld   [$1e]
              01ac ecb5  bne  vFront.skip
              01ad a001  suba $01
              01ae 00bc  ld   $bc
              01af c21d  st   [$1d]
              01b0 0001  ld   $01
              01b1 c21e  st   [$1e]
              01b2 0200  nop
              01b3 e121  jmp  y,[$21]
              01b4 0200  nop
vFront.skip:  01b5 c21e  st   [$1e]
              01b6 0200  nop
              01b7 0200  nop
              01b8 0200  nop
              01b9 0200  nop
              01ba e121  jmp  y,[$21]
              01bb 0200  nop
vSync:        01bc 0000  ld   $00
              01bd c220  st   [$20]
              01be 0102  ld   [$02]
              01bf 1840  ld   $40,out
              01c0 0040  ld   $40
              01c1 c21f  st   [$1f]
              01c2 011e  ld   [$1e]
              01c3 ecca  bne  vSync.skip
              01c4 1522  ld   [$22],y
              01c5 00cf  ld   $cf
              01c6 c21d  st   [$1d]
              01c7 0020  ld   $20
              01c8 e121  jmp  y,[$21]
              01c9 c21e  st   [$1e]
vSync.skip:   01ca a001  suba $01
              01cb c21e  st   [$1e]
              01cc 0200  nop
              01cd e121  jmp  y,[$21]
              01ce 0200  nop
vBack:        01cf 0080  ld   $80
              01d0 c220  st   [$20]
              01d1 0102  ld   [$02]
              01d2 18c0  ld   $c0,out
              01d3 00c0  ld   $c0
              01d4 c21f  st   [$1f]
              01d5 011e  ld   [$1e]
              01d6 ecdd  bne  vBack.skip
              01d7 1522  ld   [$22],y
              01d8 0070  ld   $70
              01d9 c21d  st   [$1d]
              01da 0001  ld   $01
              01db e121  jmp  y,[$21]
              01dc c21e  st   [$1e]
vBack.skip:   01dd a001  suba $01
              01de c21e  st   [$1e]
              01df 0200  nop
              01e0 e121  jmp  y,[$21]
              01e1 0200  nop
              01e2 0200  nop
              01e3 0200  nop
              * 30 times
pixels:       01ff 151e  ld   [$1e],y
              0200 1000  ld   $00,x
              0201 00c0  ld   $c0
              0202 5d00  ora  [y,x++],out
              0203 5d00  ora  [y,x++],out
              0204 5d00  ora  [y,x++],out
              * 160 times
              02a2 191f  ld   [$1f],out
              02a3 1401  ld   $01,y
              02a4 e103  jmp  y,[$03]
              02a5 0200  nop
              02a6 0200  nop              ;90 fillers
              02a7 0200  nop
              02a8 0200  nop
              * 90 times
perFrame:     0300 0131  ld   [$31]
              0301 ec0e  bne  perFrame.noTest
              0302 a001  suba $01
              0303 003b  ld   $3b
              0304 c231  st   [$31]
              0305 0132  ld   [$32]
              0306 8001  adda $01
              0307 203f  anda $3f
              0308 c232  st   [$32]
              0309 0005  ld   $05
              030a c222  st   [$22]
              030b 0000  ld   $00
              030c fc16  bra  perFrame.join
              030d c221  st   [$21]
perFrame.noTest:
              030e c231  st   [$31]
              030f 0003  ld   $03
              0310 c222  st   [$22]
              0311 001f  ld   $1f
              0312 c221  st   [$21]
              0313 0001  ld   $01         ;Wait 5 cycles
              0314 ec14  bne  $0314
              0315 a001  suba $01
perFrame.join:
              0316 0132  ld   [$32]
              0317 c230  st   [$30]
              0318 0045  ld   $45         ;Wait 142 cycles
              0319 ec19  bne  $0319
              031a a001  suba $01
              031b 0200  nop
              031c 1401  ld   $01,y
              031d e103  jmp  y,[$03]
              031e 0200  nop
idle:         031f 004f  ld   $4f         ;Wait 162 cycles
              0320 ec20  bne  $0320
              0321 a001  suba $01
              0322 0200  nop
              0323 1401  ld   $01,y
              0324 e103  jmp  y,[$03]
              0325 0200  nop
block_drawPiece:
              0326 002a  ld   $2a
              0327 c227  st   [$27]
              0328 fc4b  bra  getCell
              0329 0125  ld   [$25]
block_drawPiece.return:
              032a 0125  ld   [$25]
              032b a001  suba $01
              032c c225  st   [$25]
              032d e830  blt  $0330
              032e fc31  bra  $0331
              032f 0026  ld   $26
              0330 001f  ld   $1f
              0331 c221  st   [$21]
              0332 001a  ld   $1a         ;Wait 55 cycles
              0333 ec33  bne  $0333
              0334 a001  suba $01
drawCell:     0335 0004  ld   $04
drawCell.loop:
              0336 c223  st   [$23]
              0337 952f  adda [$2f],y
              0338 112e  ld   [$2e],x
              0339 0130  ld   [$30]
              033a de00  st   [y,x++]
              033b de00  st   [y,x++]
              033c de00  st   [y,x++]
              * 5 times
              033f 0123  ld   [$23]
              0340 ec36  bne  drawCell.loop
              0341 a001  suba $01
              0342 0129  ld   [$29]
              0343 9002  adda $02,x
              0344 012a  ld   [$2a]
              0345 9402  adda $02,y
              0346 003f  ld   $3f
              0347 ce00  st   [y,x]
              0348 1401  ld   $01,y
              0349 e103  jmp  y,[$03]
              034a 0200  nop
getCell:      034b 9128  adda [$28],x
              034c 1401  ld   $01,y
              034d 0d00  ld   [y,x]
              034e d234  st   [$34],x
              034f 1402  ld   $02,y
              0350 0d00  ld   [y,x]
              0351 a005  suba $05
              0352 c233  st   [$33]
              0353 0134  ld   [$34]
              0354 2007  anda $07
              0355 a001  suba $01
              0356 c234  st   [$34]
              0357 8200  adda ac
              0358 8200  adda ac
              0359 8134  adda [$34]
              035a c234  st   [$34]
              035b 012b  ld   [$2b]
              035c f05f  beq  $035f
              035d fc60  bra  $0360
              035e 0133  ld   [$33]
              035f a133  suba [$33]
              0360 c233  st   [$33]
              0361 012c  ld   [$2c]
              0362 f065  beq  $0365
              0363 fc66  bra  $0366
              0364 0134  ld   [$34]
              0365 a134  suba [$34]
              0366 c234  st   [$34]
              0367 012d  ld   [$2d]
              0368 f070  beq  getCell.noSwap
              0369 0133  ld   [$33]
              036a 812a  adda [$2a]
              036b c22f  st   [$2f]
              036c 0134  ld   [$34]
              036d 8129  adda [$29]
              036e fd27  bra  [$27]
              036f c22e  st   [$2e]
getCell.noSwap:
              0370 8129  adda [$29]
              0371 c22e  st   [$2e]
              0372 0134  ld   [$34]
              0373 812a  adda [$2a]
              0374 fd27  bra  [$27]
              0375 c22f  st   [$2f]
block_tryRotate:
              0376 0126  ld   [$26]
              0377 9021  adda $21,x
              0378 1401  ld   $01,y
              0379 0d00  ld   [y,x]
              037a d236  st   [$36],x
              037b 1402  ld   $02,y
              037c 0d00  ld   [y,x]
              037d c224  st   [$24]
              037e 0126  ld   [$26]
              037f 901c  adda $1c,x
              0380 1401  ld   $01,y
              0381 0d00  ld   [y,x]
              0382 d235  st   [$35],x
              0383 1402  ld   $02,y
              0384 0d00  ld   [y,x]
              0385 a124  suba [$24]
              0386 c237  st   [$37]
              0387 8129  adda [$29]
              0388 c229  st   [$29]
              0389 0135  ld   [$35]
              038a 2007  anda $07
              038b c224  st   [$24]
              038c 0136  ld   [$36]
              038d 2007  anda $07
              038e a124  suba [$24]
              038f c224  st   [$24]
              0390 8200  adda ac
              0391 8200  adda ac
              0392 8124  adda [$24]
              0393 c238  st   [$38]
              0394 812a  adda [$2a]
              0395 c22a  st   [$2a]
              0396 0000  ld   $00
              0397 c239  st   [$39]
              0398 009e  ld   $9e
              0399 c227  st   [$27]
              039a 0001  ld   $01
block_tryRotate.loop:
              039b c225  st   [$25]
              039c fc4b  bra  getCell
              039d 8002  adda $02
block_tryRotate.checkRet:
              039e 112e  ld   [$2e],x
              039f 152f  ld   [$2f],y
              03a0 0d00  ld   [y,x]
              03a1 2080  anda $80
              03a2 4139  ora  [$39]
              03a3 c239  st   [$39]
              03a4 0125  ld   [$25]
              03a5 ec9b  bne  block_tryRotate.loop
              03a6 a001  suba $01
              03a7 000f  ld   $0f         ;Wait 33 cycles
              03a8 eca8  bne  $03a8
              03a9 a001  suba $01
              03aa 00af  ld   $af
              03ab c221  st   [$21]
              03ac 1401  ld   $01,y
              03ad e103  jmp  y,[$03]
              03ae 0200  nop
block_tryRotate2:
              03af 00b4  ld   $b4
              03b0 c227  st   [$27]
              03b1 0001  ld   $01
block_tryRotate2.loop:
              03b2 fc4b  bra  getCell
              03b3 c225  st   [$25]
block_tryRotate2.checkRet:
              03b4 112e  ld   [$2e],x
              03b5 152f  ld   [$2f],y
              03b6 0d00  ld   [y,x]
              03b7 2080  anda $80
              03b8 4139  ora  [$39]
              03b9 c239  st   [$39]
              03ba 0125  ld   [$25]
              03bb ecb2  bne  block_tryRotate2.loop
              03bc a001  suba $01
              03bd 0139  ld   [$39]
              03be f0df  beq  block_tryRotate2.noCollision
              03bf 0126  ld   [$26]
              03c0 fcc0  bra  $03c0
              03c1 a004  suba $04
              03c2 ecd0  bne  block_tryRotate2.collision.retry
              03c3 012c  ld   [$2c]
              03c4 c224  st   [$24]
              03c5 012b  ld   [$2b]
              03c6 c22c  st   [$2c]
              03c7 0001  ld   $01
              03c8 a124  suba [$24]
              03c9 c22b  st   [$2b]
              03ca 0001  ld   $01
              03cb a12d  suba [$2d]
              03cc c22d  st   [$2d]
              03cd 00ec  ld   $ec
              03ce fcd8  bra  block_tryRotate2.collision.join
              03cf c221  st   [$21]
block_tryRotate2.collision.retry:
              03d0 0126  ld   [$26]
              03d1 8001  adda $01
              03d2 c226  st   [$26]
              03d3 0076  ld   $76
              03d4 c221  st   [$21]
              03d5 0002  ld   $02         ;Wait 7 cycles
              03d6 ecd6  bne  $03d6
              03d7 a001  suba $01
block_tryRotate2.collision.join:
              03d8 0129  ld   [$29]
              03d9 a137  suba [$37]
              03da c229  st   [$29]
              03db 012a  ld   [$2a]
              03dc a138  suba [$38]
              03dd fce5  bra  block_tryRotate2.join
              03de c22a  st   [$2a]
block_tryRotate2.noCollision:
              03df 00ec  ld   $ec
              03e0 c221  st   [$21]
              03e1 0008  ld   $08         ;Wait 20 cycles
              03e2 ece2  bne  $03e2
              03e3 a001  suba $01
              03e4 0200  nop
block_tryRotate2.join:
              03e5 0013  ld   $13         ;Wait 42 cycles
              03e6 ece6  bne  $03e6
              03e7 a001  suba $01
              03e8 0200  nop
              03e9 1401  ld   $01,y
              03ea e103  jmp  y,[$03]
              03eb 0200  nop
test_nextThing:
              03ec 004d  ld   $4d         ;Wait 158 cycles
              03ed eced  bne  $03ed
              03ee a001  suba $01
              03ef 0200  nop
              03f0 0003  ld   $03
              03f1 c225  st   [$25]
              03f2 0026  ld   $26
              03f3 c221  st   [$21]
              03f4 1401  ld   $01,y
              03f5 e103  jmp  y,[$03]
              03f6 0200  nop
              03f7 0200  nop              ;9 fillers
              03f8 0200  nop
              03f9 0200  nop
              * 9 times
block_clearScreen:
              0400 0125  ld   [$25]
              0401 9407  adda $07,y
              0402 1000  ld   $00,x
              0403 dc15  st   $15,[y,x++]
              0404 dc15  st   $15,[y,x++]
              0405 dc15  st   $15,[y,x++]
              * 80 times
              0453 0125  ld   [$25]
              0454 a001  suba $01
              0455 ec61  bne  block_clearScreen.continue
              0456 c225  st   [$25]
              0457 001f  ld   $1f
              0458 c221  st   [$21]
              0459 0003  ld   $03
              045a c221  st   [$21]
              045b 0022  ld   $22         ;Wait 71 cycles
              045c ec5c  bne  $045c
              045d a001  suba $01
              045e 1401  ld   $01,y
              045f e103  jmp  y,[$03]
              0460 0200  nop
block_clearScreen.continue:
              0461 0024  ld   $24         ;Wait 75 cycles
              0462 ec62  bne  $0462
              0463 a001  suba $01
              0464 1401  ld   $01,y
              0465 e103  jmp  y,[$03]
              0466 0200  nop
              0467 0200  nop              ;153 fillers
              0468 0200  nop
              0469 0200  nop
              * 153 times
block_setupRotation:
              0500 000d  ld   $0d
              0501 c227  st   [$27]
              0502 0001  ld   $01
              0503 a12b  suba [$2b]
              0504 8200  adda ac
              0505 412d  ora  [$2d]
              0506 1402  ld   $02,y
              0507 4128  ora  [$28]
              0508 9040  adda $40,x
              0509 0d00  ld   [y,x]
              050a 1401  ld   $01,y
              050b fe00  bra  ac
              050c 101c  ld   $1c,x
block_setupRotation.ret_src:
              050d 012b  ld   [$2b]
              050e c224  st   [$24]
              050f 012c  ld   [$2c]
              0510 c22b  st   [$2b]
              0511 0001  ld   $01
              0512 a124  suba [$24]
              0513 c22c  st   [$2c]
              0514 0001  ld   $01
              0515 a12d  suba [$2d]
              0516 c22d  st   [$2d]
              0517 0024  ld   $24
              0518 c227  st   [$27]
              0519 0001  ld   $01
              051a a12b  suba [$2b]
              051b 8200  adda ac
              051c 412d  ora  [$2d]
              051d 1402  ld   $02,y
              051e 4128  ora  [$28]
              051f 9040  adda $40,x
              0520 0d00  ld   [y,x]
              0521 1401  ld   $01,y
              0522 fe00  bra  ac
              0523 1021  ld   $21,x
block_setupRotation.ret_dst:
              0524 0000  ld   $00
              0525 c226  st   [$26]
              0526 0076  ld   $76
              0527 c221  st   [$21]
              0528 0003  ld   $03
              0529 c222  st   [$22]
              052a 0046  ld   $46         ;Wait 144 cycles
              052b ec2b  bne  $052b
              052c a001  suba $01
              052d 0200  nop
              052e 1401  ld   $01,y
              052f e103  jmp  y,[$03]
              0530 0200  nop
kick_jlstz_0: 0531 dc12  st   $12,[y,x++]
              0532 dc12  st   $12,[y,x++]
              0533 dc12  st   $12,[y,x++]
              0534 dc12  st   $12,[y,x++]
              0535 fd27  bra  [$27]
              0536 dc12  st   $12,[y,x++]
kick_jlstz_1: 0537 dc12  st   $12,[y,x++]
              0538 dc1a  st   $1a,[y,x++]
              0539 dc19  st   $19,[y,x++]
              053a dc14  st   $14,[y,x++]
              053b fd27  bra  [$27]
              053c dc1c  st   $1c,[y,x++]
kick_jlstz_2: 053d dc12  st   $12,[y,x++]
              053e dc12  st   $12,[y,x++]
              053f dc12  st   $12,[y,x++]
              0540 dc12  st   $12,[y,x++]
              0541 fd27  bra  [$27]
              0542 dc12  st   $12,[y,x++]
kick_jlstz_3: 0543 dc12  st   $12,[y,x++]
              0544 dc0a  st   $0a,[y,x++]
              0545 dc09  st   $09,[y,x++]
              0546 dc14  st   $14,[y,x++]
              0547 fd27  bra  [$27]
              0548 dc0c  st   $0c,[y,x++]
kick_i_0:     0549 dc12  st   $12,[y,x++]
              054a dc0a  st   $0a,[y,x++]
              054b dc22  st   $22,[y,x++]
              054c dc0a  st   $0a,[y,x++]
              054d fd27  bra  [$27]
              054e dc22  st   $22,[y,x++]
kick_i_1:     054f dc0a  st   $0a,[y,x++]
              0550 dc12  st   $12,[y,x++]
              0551 dc12  st   $12,[y,x++]
              0552 dc13  st   $13,[y,x++]
              0553 fd27  bra  [$27]
              0554 dc10  st   $10,[y,x++]
kick_i_2:     0555 dc0b  st   $0b,[y,x++]
              0556 dc1b  st   $1b,[y,x++]
              0557 dc03  st   $03,[y,x++]
              0558 dc1a  st   $1a,[y,x++]
              0559 fd27  bra  [$27]
              055a dc02  st   $02,[y,x++]
kick_i_3:     055b dc13  st   $13,[y,x++]
              055c dc13  st   $13,[y,x++]
              055d dc13  st   $13,[y,x++]
              055e dc11  st   $11,[y,x++]
              055f fd27  bra  [$27]
              0560 dc14  st   $14,[y,x++]
kick_o_0:     0561 dc12  st   $12,[y,x++]
              0562 dc12  st   $12,[y,x++]
              0563 dc12  st   $12,[y,x++]
              0564 dc12  st   $12,[y,x++]
              0565 fd27  bra  [$27]
              0566 dc12  st   $12,[y,x++]
kick_o_1:     0567 dc11  st   $11,[y,x++]
              0568 dc11  st   $11,[y,x++]
              0569 dc11  st   $11,[y,x++]
              056a dc11  st   $11,[y,x++]
              056b fd27  bra  [$27]
              056c dc11  st   $11,[y,x++]
kick_o_2:     056d dc09  st   $09,[y,x++]
              056e dc09  st   $09,[y,x++]
              056f dc09  st   $09,[y,x++]
              0570 dc09  st   $09,[y,x++]
              0571 fd27  bra  [$27]
              0572 dc09  st   $09,[y,x++]
kick_o_3:     0573 dc0a  st   $0a,[y,x++]
              0574 dc0a  st   $0a,[y,x++]
              0575 dc0a  st   $0a,[y,x++]
              0576 dc0a  st   $0a,[y,x++]
              0577 fd27  bra  [$27]
              0578 dc0a  st   $0a,[y,x++]
              0579 0200  nop              ;135 fillers
              057a 0200  nop
              057b 0200  nop
              * 135 times
initTables:   0600 0078  ld   $78
              0601 c225  st   [$25]
              0602 0000  ld   $00
              0603 c232  st   [$32]
              0604 003c  ld   $3c
              0605 c231  st   [$31]
              0606 0014  ld   $14
              0607 c229  st   [$29]
              0608 c22a  st   [$2a]
              0609 0004  ld   $04
              060a c228  st   [$28]
              060b 0001  ld   $01
              060c c22b  st   [$2b]
              060d c22c  st   [$2c]
              060e 0000  ld   $00
              060f c22d  st   [$2d]
              0610 1401  ld   $01,y
              0611 1000  ld   $00,x
              0612 dc01  st   $01,[y,x++]
              0613 dc09  st   $09,[y,x++]
              0614 dc11  st   $11,[y,x++]
              0615 dc19  st   $19,[y,x++]
              0616 dc09  st   $09,[y,x++]
              0617 dc11  st   $11,[y,x++]
              0618 dc08  st   $08,[y,x++]
              0619 dc10  st   $10,[y,x++]
              061a dc01  st   $01,[y,x++]
              061b dc08  st   $08,[y,x++]
              061c dc09  st   $09,[y,x++]
              061d dc11  st   $11,[y,x++]
              061e dc00  st   $00,[y,x++]
              061f dc01  st   $01,[y,x++]
              0620 dc09  st   $09,[y,x++]
              0621 dc11  st   $11,[y,x++]
              0622 dc01  st   $01,[y,x++]
              0623 dc09  st   $09,[y,x++]
              0624 dc10  st   $10,[y,x++]
              0625 dc11  st   $11,[y,x++]
              0626 dc01  st   $01,[y,x++]
              0627 dc08  st   $08,[y,x++]
              0628 dc09  st   $09,[y,x++]
              0629 dc10  st   $10,[y,x++]
              062a dc00  st   $00,[y,x++]
              062b dc08  st   $08,[y,x++]
              062c dc09  st   $09,[y,x++]
              062d dc11  st   $11,[y,x++]
              062e 1402  ld   $02,y
              062f 1000  ld   $00,x
              0630 0000  ld   $00
              0631 de00  st   [y,x++]
              0632 de00  st   [y,x++]
              0633 de00  st   [y,x++]
              * 8 times
              0639 0005  ld   $05
              063a de00  st   [y,x++]
              063b de00  st   [y,x++]
              063c de00  st   [y,x++]
              * 8 times
              0642 000a  ld   $0a
              0643 de00  st   [y,x++]
              0644 de00  st   [y,x++]
              0645 de00  st   [y,x++]
              * 8 times
              064b 000f  ld   $0f
              064c de00  st   [y,x++]
              064d de00  st   [y,x++]
              064e de00  st   [y,x++]
              * 8 times
              0654 0014  ld   $14
              0655 de00  st   [y,x++]
              0656 de00  st   [y,x++]
              0657 de00  st   [y,x++]
              * 8 times
              065d 0019  ld   $19
              065e de00  st   [y,x++]
              065f de00  st   [y,x++]
              0660 de00  st   [y,x++]
              * 8 times
              0666 001e  ld   $1e
              0667 de00  st   [y,x++]
              0668 de00  st   [y,x++]
              0669 de00  st   [y,x++]
              * 8 times
              066f 0023  ld   $23
              0670 de00  st   [y,x++]
              0671 de00  st   [y,x++]
              0672 de00  st   [y,x++]
              * 8 times
              0678 1040  ld   $40,x
              0679 dc49  st   $49,[y,x++]
              067a dc4f  st   $4f,[y,x++]
              067b dc55  st   $55,[y,x++]
              067c dc5b  st   $5b,[y,x++]
              067d dc61  st   $61,[y,x++]
              067e dc67  st   $67,[y,x++]
              067f dc6d  st   $6d,[y,x++]
              0680 dc73  st   $73,[y,x++]
              0681 dc31  st   $31,[y,x++]
              0682 dc37  st   $37,[y,x++]
              0683 dc3d  st   $3d,[y,x++]
              0684 dc43  st   $43,[y,x++]
              0685 dc31  st   $31,[y,x++]
              0686 dc37  st   $37,[y,x++]
              0687 dc3d  st   $3d,[y,x++]
              0688 dc43  st   $43,[y,x++]
              0689 dc31  st   $31,[y,x++]
              068a dc37  st   $37,[y,x++]
              068b dc3d  st   $3d,[y,x++]
              068c dc43  st   $43,[y,x++]
              068d dc31  st   $31,[y,x++]
              068e dc37  st   $37,[y,x++]
              068f dc3d  st   $3d,[y,x++]
              0690 dc43  st   $43,[y,x++]
              0691 dc31  st   $31,[y,x++]
              0692 dc37  st   $37,[y,x++]
              0693 dc3d  st   $3d,[y,x++]
              0694 dc43  st   $43,[y,x++]
              0695 1401  ld   $01,y
              0696 e103  jmp  y,[$03]
              0697 0200  nop
              0698
