* source: /home/ultraviolet/github/personal/Gigatron-Tetris/sound.py
              address
              |    encoding
              |    |     instruction
              |    |     |    operands
              |    |     |    |
              V    V     V    V
              0000 008c  ld   $8c
              0001 c202  st   [$02]
              0002 0001  ld   $01
              0003 c203  st   [$03]
              0004 0000  ld   $00
              0005 c204  st   [$04]
              0006 0080  ld   $80
              0007 c205  st   [$05]
              0008 00c0  ld   $c0
              0009 c206  st   [$06]
              000a 0023  ld   $23
              000b c207  st   [$07]
              000c 00ff  ld   $ff
              000d c20d  st   [$0d]
              000e 007f  ld   $7f
              000f c209  st   [$09]
              0010 0000  ld   $00
              0011 c219  st   [$19]
              0012 c21d  st   [$1d]
              0013 00ff  ld   $ff
              0014 c20e  st   [$0e]
              0015 007f  ld   $7f
              0016 c20a  st   [$0a]
              0017 0000  ld   $00
              0018 c21a  st   [$1a]
              0019 c21e  st   [$1e]
              001a 00ff  ld   $ff
              001b c20f  st   [$0f]
              001c 007f  ld   $7f
              001d c20b  st   [$0b]
              001e 0000  ld   $00
              001f c21b  st   [$1b]
              0020 c21f  st   [$1f]
              0021 00ff  ld   $ff
              0022 c210  st   [$10]
              0023 007f  ld   $7f
              0024 c20c  st   [$0c]
              0025 0000  ld   $00
              0026 c21c  st   [$1c]
              0027 c220  st   [$20]
              0028 0030  ld   $30
              0029 c21d  st   [$1d]
              002a c21e  st   [$1e]
              002b c21f  st   [$1f]
              002c c220  st   [$20]
              002d 0078  ld   $78
              002e c224  st   [$24]
              002f 0003  ld   $03
              0030 c222  st   [$22]
              0031 0023  ld   $23
              0032 c221  st   [$21]
              0033 0004  ld   $04
              0034 c223  st   [$23]
musicSetup.loop:
              0035 0123  ld   [$23]
              0036 1600  ld   ac,y
              0037 cafb  st   [y,$fb]
              0038 0000  ld   $00
              0039 cafc  st   [y,$fc]
              003a cafd  st   [y,$fd]
              003b 0123  ld   [$23]
              003c a001  suba $01
              003d ec35  bne  musicSetup.loop
              003e c223  st   [$23]
              003f 1405  ld   $05,y
              0040 e000  jmp  y,$00
              0041 0200  nop
loadMusic_return:
              0042 1401  ld   $01,y
              0043 e107  jmp  y,[$07]
              0044 0200  nop
              0045 0200  nop              ;187 fillers
              0046 0200  nop
              0047 0200  nop
              * 187 times
oscillators:
sound0:       0100 0023  ld   $23
              0101 1905  ld   [$05],out
              0102 c207  st   [$07]
              0103 010d  ld   [$0d]
              0104 ec13  bne  sound0.skip
              0105 0109  ld   [$09]
              0106 8111  adda [$11]
              0107 c209  st   [$09]
              0108 2080  anda $80
              0109 f00c  beq  $010c
              010a fc0d  bra  $010d
              010b 0000  ld   $00
              010c 00ff  ld   $ff
              010d 8115  adda [$15]
              010e c20d  st   [$0d]
              010f 0119  ld   [$19]
              0110 60f0  xora $f0
              0111 fc1d  bra  sound0.join
              0112 c219  st   [$19]
sound0.skip:  0113 010d  ld   [$0d]
              0114 a001  suba $01
              0115 c20d  st   [$0d]
              0116 0109  ld   [$09]
              0117 207f  anda $7f
              0118 c209  st   [$09]
              0119 0001  ld   $01         ;Wait 5 cycles
              011a ec1a  bne  $011a
              011b a001  suba $01
              011c 0119  ld   [$19]
sound0.join:  011d 211d  anda [$1d]
              011e c208  st   [$08]
              011f 0200  nop
              0120 0200  nop
              0121 fd02  bra  [$02]
              0122 0101  ld   [$01]
sound1:       0123 0046  ld   $46
              0124 1905  ld   [$05],out
              0125 c207  st   [$07]
              0126 010e  ld   [$0e]
              0127 ec36  bne  sound1.skip
              0128 010a  ld   [$0a]
              0129 8112  adda [$12]
              012a c20a  st   [$0a]
              012b 2080  anda $80
              012c f02f  beq  $012f
              012d fc30  bra  $0130
              012e 0000  ld   $00
              012f 00ff  ld   $ff
              0130 8116  adda [$16]
              0131 c20e  st   [$0e]
              0132 011a  ld   [$1a]
              0133 60f0  xora $f0
              0134 fc40  bra  sound1.join
              0135 c21a  st   [$1a]
sound1.skip:  0136 010e  ld   [$0e]
              0137 a001  suba $01
              0138 c20e  st   [$0e]
              0139 010a  ld   [$0a]
              013a 207f  anda $7f
              013b c20a  st   [$0a]
              013c 0001  ld   $01         ;Wait 5 cycles
              013d ec3d  bne  $013d
              013e a001  suba $01
              013f 011a  ld   [$1a]
sound1.join:  0140 211e  anda [$1e]
              0141 8108  adda [$08]
              0142 c208  st   [$08]
              0143 0200  nop
              0144 fd02  bra  [$02]
              0145 0101  ld   [$01]
sound2:       0146 0069  ld   $69
              0147 1905  ld   [$05],out
              0148 c207  st   [$07]
              0149 010f  ld   [$0f]
              014a ec59  bne  sound2.skip
              014b 010b  ld   [$0b]
              014c 8113  adda [$13]
              014d c20b  st   [$0b]
              014e 2080  anda $80
              014f f052  beq  $0152
              0150 fc53  bra  $0153
              0151 0000  ld   $00
              0152 00ff  ld   $ff
              0153 8117  adda [$17]
              0154 c20f  st   [$0f]
              0155 011b  ld   [$1b]
              0156 60f0  xora $f0
              0157 fc63  bra  sound2.join
              0158 c21b  st   [$1b]
sound2.skip:  0159 010f  ld   [$0f]
              015a a001  suba $01
              015b c20f  st   [$0f]
              015c 010b  ld   [$0b]
              015d 207f  anda $7f
              015e c20b  st   [$0b]
              015f 0001  ld   $01         ;Wait 5 cycles
              0160 ec60  bne  $0160
              0161 a001  suba $01
              0162 011b  ld   [$1b]
sound2.join:  0163 211f  anda [$1f]
              0164 8108  adda [$08]
              0165 c208  st   [$08]
              0166 0200  nop
              0167 fd02  bra  [$02]
              0168 0101  ld   [$01]
sound3:       0169 0200  nop
              016a 1905  ld   [$05],out
              016b 0200  nop
              016c 0000  ld   $00
              016d c207  st   [$07]
              016e 0110  ld   [$10]
              016f ec7e  bne  sound3.skip
              0170 010c  ld   [$0c]
              0171 8114  adda [$14]
              0172 c20c  st   [$0c]
              0173 2080  anda $80
              0174 f077  beq  $0177
              0175 fc78  bra  $0178
              0176 0000  ld   $00
              0177 00ff  ld   $ff
              0178 8118  adda [$18]
              0179 c210  st   [$10]
              017a 011c  ld   [$1c]
              017b 60f0  xora $f0
              017c fc88  bra  sound3.join
              017d c21c  st   [$1c]
sound3.skip:  017e 0110  ld   [$10]
              017f a001  suba $01
              0180 c210  st   [$10]
              0181 010c  ld   [$0c]
              0182 207f  anda $7f
              0183 c20c  st   [$0c]
              0184 0001  ld   $01         ;Wait 5 cycles
              0185 ec85  bne  $0185
              0186 a001  suba $01
              0187 011c  ld   [$1c]
sound3.join:  0188 2120  anda [$20]
              0189 8108  adda [$08]
              018a fd02  bra  [$02]
              018b c201  st   [$01]
visible1:     018c 0200  nop
              018d 1906  ld   [$06],out
              018e 0096  ld   $96
              018f c202  st   [$02]
              0190 0200  nop
              0191 0200  nop
              0192 0200  nop
              0193 0200  nop
              0194 fcff  bra  pixels
              0195 0200  nop
visible2:     0196 0200  nop
              0197 1906  ld   [$06],out
              0198 00a0  ld   $a0
              0199 c202  st   [$02]
              019a 0200  nop
              019b 0200  nop
              019c 0200  nop
              019d 0200  nop
              019e fcff  bra  pixels
              019f 0200  nop
visible3:     01a0 0200  nop
              01a1 1906  ld   [$06],out
              01a2 00aa  ld   $aa
              01a3 c202  st   [$02]
              01a4 0200  nop
              01a5 0200  nop
              01a6 0200  nop
              01a7 0200  nop
              01a8 fcff  bra  pixels
              01a9 0200  nop
visible4:     01aa 0200  nop
              01ab 1906  ld   [$06],out
              01ac 0103  ld   [$03]
              01ad 0200  nop
              01ae 0200  nop
              01af 0200  nop
              01b0 0200  nop
              01b1 8001  adda $01
              01b2 c203  st   [$03]
              01b3 6078  xora $78
              01b4 ecbb  bne  visible4.else
              01b5 00c0  ld   $c0
              01b6 c202  st   [$02]
              01b7 000a  ld   $0a
              01b8 1522  ld   [$22],y
              01b9 e121  jmp  y,[$21]
              01ba c203  st   [$03]
visible4.else:
              01bb 008c  ld   $8c
              01bc c202  st   [$02]
              01bd 1522  ld   [$22],y
              01be e121  jmp  y,[$21]
              01bf 0200  nop
vFront:       01c0 0200  nop
              01c1 1906  ld   [$06],out
              01c2 0103  ld   [$03]
              01c3 0200  nop
              01c4 0200  nop
              01c5 0200  nop
              01c6 0200  nop
              01c7 a001  suba $01
              01c8 ecd1  bne  vFront.skip
              01c9 c203  st   [$03]
              01ca 00d7  ld   $d7
              01cb c202  st   [$02]
              01cc 0002  ld   $02
              01cd c203  st   [$03]
              01ce 1522  ld   [$22],y
              01cf e121  jmp  y,[$21]
              01d0 0200  nop
vFront.skip:  01d1 0200  nop
              01d2 0200  nop
              01d3 0200  nop
              01d4 0200  nop
              01d5 1522  ld   [$22],y
              01d6 e121  jmp  y,[$21]
vSync:        01d7 0200  nop
              01d8 1840  ld   $40,out
              01d9 0103  ld   [$03]
              01da a001  suba $01
              01db ece8  bne  vSync.skip
              01dc c203  st   [$03]
              01dd 00eb  ld   $eb
              01de c202  st   [$02]
              01df 0021  ld   $21
              01e0 c203  st   [$03]
vSync.join:   01e1 0000  ld   $00
              01e2 c205  st   [$05]
              01e3 0040  ld   $40
              01e4 c206  st   [$06]
              01e5 1522  ld   [$22],y
              01e6 e121  jmp  y,[$21]
              01e7 0200  nop
vSync.skip:   01e8 0200  nop
              01e9 0200  nop
              01ea fce1  bra  vSync.join
vBack:        01eb 0200  nop
              01ec 18c0  ld   $c0,out
              01ed 0103  ld   [$03]
              01ee a001  suba $01
              01ef ecfc  bne  vBack.skip
              01f0 c203  st   [$03]
              01f1 008c  ld   $8c
              01f2 c202  st   [$02]
              01f3 0001  ld   $01
              01f4 c203  st   [$03]
vBack.join:   01f5 0080  ld   $80
              01f6 c205  st   [$05]
              01f7 00c0  ld   $c0
              01f8 c206  st   [$06]
              01f9 1522  ld   [$22],y
              01fa e121  jmp  y,[$21]
              01fb 0200  nop
vBack.skip:   01fc 0200  nop
              01fd 0200  nop
              01fe fcf5  bra  vBack.join
pixels:       01ff 1503  ld   [$03],y
              0200 1104  ld   [$04],x
              0201 00c0  ld   $c0
              0202 5d00  ora  [y,x++],out
              0203 5d00  ora  [y,x++],out
              0204 5d00  ora  [y,x++],out
              * 160 times
              02a2 1401  ld   $01,y
              02a3 e107  jmp  y,[$07]
              02a4 0200  nop
              02a5 0200  nop              ;91 fillers
              02a6 0200  nop
              02a7 0200  nop
              * 91 times
idle:         0300 0102  ld   [$02]
              0301 a0c0  suba $c0
              0302 ec09  bne  idle.else1
              0303 0103  ld   [$03]
              0304 a00a  suba $0a
              0305 ec0c  bne  idle.else2
              0306 0014  ld   $14
              0307 fc0e  bra  idle.join
              0308 c221  st   [$21]
idle.else1:   0309 0200  nop
              030a 0200  nop
              030b 0200  nop
idle.else2:   030c 0200  nop
              030d 0200  nop
idle.join:    030e 0048  ld   $48         ;Wait 147 cycles
              030f ec0f  bne  $030f
              0310 a001  suba $01
              0311 1401  ld   $01,y
              0312 e107  jmp  y,[$07]
              0313 0200  nop
perFrame:     0314 0104  ld   [$04]
              0315 8001  adda $01
              0316 c204  st   [$04]
              0317 0004  ld   $04
              0318 c223  st   [$23]
              0319 0004  ld   $04
              031a c222  st   [$22]
              031b 0000  ld   $00
              031c c221  st   [$21]
              031d 0048  ld   $48         ;Wait 147 cycles
              031e ec1e  bne  $031e
              031f a001  suba $01
              0320 1401  ld   $01,y
              0321 e107  jmp  y,[$07]
              0322 0200  nop
clearScreen:  0323 0124  ld   [$24]
              0324 9407  adda $07,y
              0325 1000  ld   $00,x
              0326 dc15  st   $15,[y,x++]
              0327 dc15  st   $15,[y,x++]
              0328 dc15  st   $15,[y,x++]
              * 80 times
              0376 0124  ld   [$24]
              0377 a001  suba $01
              0378 ec82  bne  clearScreen.continue
              0379 c224  st   [$24]
              037a 0000  ld   $00
              037b c221  st   [$21]
              037c 0020  ld   $20         ;Wait 67 cycles
              037d ec7d  bne  $037d
              037e a001  suba $01
              037f 1401  ld   $01,y
              0380 e107  jmp  y,[$07]
              0381 0200  nop
clearScreen.continue:
              0382 0021  ld   $21         ;Wait 69 cycles
              0383 ec83  bne  $0383
              0384 a001  suba $01
              0385 1401  ld   $01,y
              0386 e107  jmp  y,[$07]
              0387 0200  nop
              0388 0200  nop              ;120 fillers
              0389 0200  nop
              038a 0200  nop
              * 120 times
musicTick:    0400 1523  ld   [$23],y
              0401 09fd  ld   [y,$fd]
              0402 ec32  bne  musicTick.skip
              0403 09fc  ld   [y,$fc]
              0404 1200  ld   ac,x
              0405 8001  adda $01
              0406 cafc  st   [y,$fc]
              0407 09fb  ld   [y,$fb]
              0408 1600  ld   ac,y
              0409 0d00  ld   [y,x]
              040a c2fe  st   [$fe]
              040b 2080  anda $80
              040c f022  beq  musicTick.duration
              040d 0123  ld   [$23]
              040e 9014  adda $14,x
              040f 01fe  ld   [$fe]
              0410 207f  anda $7f
              0411 8200  adda ac
              0412 8049  adda $49
              0413 c2fe  st   [$fe]
              0414 fe00  bra  ac
              0415 fc16  bra  $0416
              0416 c600  st   [x]
              0417 0123  ld   [$23]
              0418 9010  adda $10,x
              0419 01fe  ld   [$fe]
              041a 8001  adda $01
              041b fe00  bra  ac
              041c fc1d  bra  $041d
              041d c600  st   [x]
              041e 1523  ld   [$23],y
              041f 09ff  ld   [y,$ff]
              0420 fc2b  bra  musicTick.join
              0421 cafd  st   [y,$fd]
musicTick.duration:
              0422 01fe  ld   [$fe]
              0423 8095  adda $95
              0424 fe00  bra  ac
              0425 fc26  bra  $0426
              0426 1523  ld   [$23],y
              0427 caff  st   [y,$ff]
              0428 0006  ld   $06         ;Wait 15 cycles
              0429 ec29  bne  $0429
              042a a001  suba $01
musicTick.join:
              042b 003a  ld   $3a         ;Wait 120 cycles
              042c ec2c  bne  $042c
              042d a001  suba $01
              042e 0200  nop
              042f 1401  ld   $01,y
              0430 e107  jmp  y,[$07]
              0431 0200  nop
musicTick.skip:
              0432 09fd  ld   [y,$fd]
              0433 a001  suba $01
              0434 cafd  st   [y,$fd]
              0435 0123  ld   [$23]
              0436 a001  suba $01
              0437 ec43  bne  musicTick.skip.end
              0438 c223  st   [$23]
              0439 0003  ld   $03
              043a c222  st   [$22]
              043b 0000  ld   $00
              043c c221  st   [$21]
              043d 0045  ld   $45         ;Wait 141 cycles
              043e ec3e  bne  $043e
              043f a001  suba $01
              0440 1401  ld   $01,y
              0441 e107  jmp  y,[$07]
              0442 0200  nop
musicTick.skip.end:
              0443 0047  ld   $47         ;Wait 145 cycles
              0444 ec44  bne  $0444
              0445 a001  suba $01
              0446 1401  ld   $01,y
              0447 e107  jmp  y,[$07]
              0448 0200  nop
musicNoteLookup:
              0449 0000  ld   $00
              044a 0000  ld   $00
              044b 003c  ld   $3c
              044c 0019  ld   $19
              044d 0038  ld   $38
              044e 0069  ld   $69
              044f 0035  ld   $35
              0450 0051  ld   $51
              0451 0035  ld   $35
              0452 0051  ld   $51
              0453 002f  ld   $2f
              0454 0064  ld   $64
              0455 002d  ld   $2d
              0456 000d  ld   $0d
              0457 002a  ld   $2a
              0458 0049  ld   $49
              0459 0028  ld   $28
              045a 0017  ld   $17
              045b 0025  ld   $25
              045c 0076  ld   $76
              045d 0021  ld   $21
              045e 0065  ld   $65
              045f 001f  ld   $1f
              0460 0072  ld   $72
              0461 001c  ld   $1c
              0462 0035  ld   $35
              0463 0019  ld   $19
              0464 0028  ld   $28
              0465 0017  ld   $17
              0466 0072  ld   $72
              0467 0016  ld   $16
              0468 0046  ld   $46
              0469 0015  ld   $15
              046a 0024  ld   $24
              046b 0014  ld   $14
              046c 000b  ld   $0b
              046d 0012  ld   $12
              046e 007b  ld   $7b
              046f 0010  ld   $10
              0470 0072  ld   $72
              0471 000f  ld   $0f
              0472 0079  ld   $79
              0473 000f  ld   $0f
              0474 0006  ld   $06
              0475 000e  ld   $0e
              0476 001a  ld   $1a
              0477 000c  ld   $0c
              0478 0054  ld   $54
              0479 000b  ld   $0b
              047a 0023  ld   $23
              047b 000a  ld   $0a
              047c 0052  ld   $52
              047d 0009  ld   $09
              047e 003e  ld   $3e
              047f 0008  ld   $08
              0480 0039  ld   $39
              0481 0007  ld   $07
              0482 007c  ld   $7c
              0483 0007  ld   $07
              0484 0043  ld   $43
              0485 0007  ld   $07
              0486 000d  ld   $0d
              0487 0006  ld   $06
              0488 002a  ld   $2a
              0489 0005  ld   $05
              048a 007d  ld   $7d
              048b 0005  ld   $05
              048c 0052  ld   $52
              048d 0005  ld   $05
              048e 0029  ld   $29
              048f 0004  ld   $04
              0490 005f  ld   $5f
              0491 0004  ld   $04
              0492 001d  ld   $1d
              0493 0003  ld   $03
              0494 0047  ld   $47
musicDurationLookup:
              0495 000f  ld   $0f
              0496 001e  ld   $1e
              0497 002d  ld   $2d
              0498 003c  ld   $3c
              0499 004b  ld   $4b
              049a 005a  ld   $5a
              049b 0069  ld   $69
              049c 0096  ld   $96
              049d 0200  nop              ;99 fillers
              049e 0200  nop
              049f 0200  nop
              * 99 times
loadMusic:    0500 1401  ld   $01,y
              0501 1000  ld   $00,x
              0502 dc00  st   $00,[y,x++]
              0503 dca2  st   $a2,[y,x++]
              0504 dca1  st   $a1,[y,x++]
              0505 dc9f  st   $9f,[y,x++]
              0506 dc9e  st   $9e,[y,x++]
              0507 dc9f  st   $9f,[y,x++]
              0508 dc9b  st   $9b,[y,x++]
              0509 dc9d  st   $9d,[y,x++]
              050a dc80  st   $80,[y,x++]
              050b dc9a  st   $9a,[y,x++]
              050c dc80  st   $80,[y,x++]
              050d dc9f  st   $9f,[y,x++]
              050e dca1  st   $a1,[y,x++]
              050f dca2  st   $a2,[y,x++]
              0510 dc8d  st   $8d,[y,x++]
              0511 dca3  st   $a3,[y,x++]
              0512 dc80  st   $80,[y,x++]
              0513 dca5  st   $a5,[y,x++]
              0514 dc80  st   $80,[y,x++]
              0515 dc05  st   $05,[y,x++]
              0516 dca4  st   $a4,[y,x++]
              0517 dc00  st   $00,[y,x++]
              0518 dca2  st   $a2,[y,x++]
              0519 dca1  st   $a1,[y,x++]
              051a dc9f  st   $9f,[y,x++]
              051b dc9e  st   $9e,[y,x++]
              051c dc9f  st   $9f,[y,x++]
              051d dc9b  st   $9b,[y,x++]
              051e dc9d  st   $9d,[y,x++]
              051f dc80  st   $80,[y,x++]
              0520 dc9a  st   $9a,[y,x++]
              0521 dc80  st   $80,[y,x++]
              0522 dc97  st   $97,[y,x++]
              0523 dc00  st   $00,[y,x++]
              0524 dc98  st   $98,[y,x++]
              0525 dc99  st   $99,[y,x++]
              0526 dc80  st   $80,[y,x++]
              0527 dc98  st   $98,[y,x++]
              0528 dc80  st   $80,[y,x++]
              0529 dc96  st   $96,[y,x++]
              052a dc80  st   $80,[y,x++]
              052b dc05  st   $05,[y,x++]
              052c dc97  st   $97,[y,x++]
              052d dc00  st   $00,[y,x++]
              052e dca2  st   $a2,[y,x++]
              052f dca1  st   $a1,[y,x++]
              0530 dc9f  st   $9f,[y,x++]
              0531 dc9e  st   $9e,[y,x++]
              0532 dc9f  st   $9f,[y,x++]
              0533 dc9b  st   $9b,[y,x++]
              0534 dc9d  st   $9d,[y,x++]
              0535 dc80  st   $80,[y,x++]
              0536 dc9a  st   $9a,[y,x++]
              0537 dc80  st   $80,[y,x++]
              0538 dc9f  st   $9f,[y,x++]
              0539 dca1  st   $a1,[y,x++]
              053a dca2  st   $a2,[y,x++]
              053b dc8d  st   $8d,[y,x++]
              053c dca3  st   $a3,[y,x++]
              053d dc80  st   $80,[y,x++]
              053e dca5  st   $a5,[y,x++]
              053f dc80  st   $80,[y,x++]
              0540 dc05  st   $05,[y,x++]
              0541 dca4  st   $a4,[y,x++]
              0542 dc00  st   $00,[y,x++]
              0543 dca2  st   $a2,[y,x++]
              0544 dca1  st   $a1,[y,x++]
              0545 dc9f  st   $9f,[y,x++]
              0546 dc9e  st   $9e,[y,x++]
              0547 dc9f  st   $9f,[y,x++]
              0548 dc9b  st   $9b,[y,x++]
              0549 dc9d  st   $9d,[y,x++]
              054a dc80  st   $80,[y,x++]
              054b dc9a  st   $9a,[y,x++]
              054c dc80  st   $80,[y,x++]
              054d dc97  st   $97,[y,x++]
              054e dc00  st   $00,[y,x++]
              054f dc98  st   $98,[y,x++]
              0550 dc99  st   $99,[y,x++]
              0551 dc80  st   $80,[y,x++]
              0552 dc98  st   $98,[y,x++]
              0553 dc80  st   $80,[y,x++]
              0554 dc96  st   $96,[y,x++]
              0555 dc80  st   $80,[y,x++]
              0556 dc05  st   $05,[y,x++]
              0557 dc97  st   $97,[y,x++]
              0558 dc00  st   $00,[y,x++]
              0559 dca3  st   $a3,[y,x++]
              055a dca2  st   $a2,[y,x++]
              055b dca0  st   $a0,[y,x++]
              055c dc9f  st   $9f,[y,x++]
              055d dc9e  st   $9e,[y,x++]
              055e dca0  st   $a0,[y,x++]
              055f dc9f  st   $9f,[y,x++]
              0560 dc80  st   $80,[y,x++]
              0561 dc9b  st   $9b,[y,x++]
              0562 dc80  st   $80,[y,x++]
              0563 dc9b  st   $9b,[y,x++]
              0564 dc9f  st   $9f,[y,x++]
              0565 dca3  st   $a3,[y,x++]
              0566 dca2  st   $a2,[y,x++]
              0567 dca0  st   $a0,[y,x++]
              0568 dc9f  st   $9f,[y,x++]
              0569 dc9e  st   $9e,[y,x++]
              056a dca0  st   $a0,[y,x++]
              056b dc03  st   $03,[y,x++]
              056c dc9f  st   $9f,[y,x++]
              056d 1402  ld   $02,y
              056e 1000  ld   $00,x
              056f dc00  st   $00,[y,x++]
              0570 dc80  st   $80,[y,x++]
              0571 dc8d  st   $8d,[y,x++]
              0572 dc90  st   $90,[y,x++]
              0573 dc92  st   $92,[y,x++]
              0574 dc93  st   $93,[y,x++]
              0575 dc90  st   $90,[y,x++]
              0576 dc97  st   $97,[y,x++]
              0577 dc92  st   $92,[y,x++]
              0578 dc95  st   $95,[y,x++]
              0579 dc97  st   $97,[y,x++]
              057a dc95  st   $95,[y,x++]
              057b dc92  st   $92,[y,x++]
              057c dc01  st   $01,[y,x++]
              057d dc97  st   $97,[y,x++]
              057e dc00  st   $00,[y,x++]
              057f dc98  st   $98,[y,x++]
              0580 dc90  st   $90,[y,x++]
              0581 dc01  st   $01,[y,x++]
              0582 dc95  st   $95,[y,x++]
              0583 dc00  st   $00,[y,x++]
              0584 dc90  st   $90,[y,x++]
              0585 dc8f  st   $8f,[y,x++]
              0586 dc8d  st   $8d,[y,x++]
              0587 dc8c  st   $8c,[y,x++]
              0588 dc8d  st   $8d,[y,x++]
              0589 dc80  st   $80,[y,x++]
              058a dc80  st   $80,[y,x++]
              058b dc8d  st   $8d,[y,x++]
              058c dc90  st   $90,[y,x++]
              058d dc92  st   $92,[y,x++]
              058e dc93  st   $93,[y,x++]
              058f dc90  st   $90,[y,x++]
              0590 dc97  st   $97,[y,x++]
              0591 dc92  st   $92,[y,x++]
              0592 dc95  st   $95,[y,x++]
              0593 dc80  st   $80,[y,x++]
              0594 dc8d  st   $8d,[y,x++]
              0595 dc91  st   $91,[y,x++]
              0596 dc01  st   $01,[y,x++]
              0597 dc90  st   $90,[y,x++]
              0598 dc00  st   $00,[y,x++]
              0599 dc92  st   $92,[y,x++]
              059a dc93  st   $93,[y,x++]
              059b dc8f  st   $8f,[y,x++]
              059c dc8c  st   $8c,[y,x++]
              059d dc80  st   $80,[y,x++]
              059e dc8e  st   $8e,[y,x++]
              059f dc8d  st   $8d,[y,x++]
              05a0 dc8c  st   $8c,[y,x++]
              05a1 dc8d  st   $8d,[y,x++]
              05a2 dc8f  st   $8f,[y,x++]
              05a3 dc80  st   $80,[y,x++]
              05a4 dc8d  st   $8d,[y,x++]
              05a5 dc90  st   $90,[y,x++]
              05a6 dc92  st   $92,[y,x++]
              05a7 dc93  st   $93,[y,x++]
              05a8 dc90  st   $90,[y,x++]
              05a9 dc97  st   $97,[y,x++]
              05aa dc92  st   $92,[y,x++]
              05ab dc95  st   $95,[y,x++]
              05ac dc97  st   $97,[y,x++]
              05ad dc95  st   $95,[y,x++]
              05ae dc92  st   $92,[y,x++]
              05af dc01  st   $01,[y,x++]
              05b0 dc97  st   $97,[y,x++]
              05b1 dc00  st   $00,[y,x++]
              05b2 dc98  st   $98,[y,x++]
              05b3 dc90  st   $90,[y,x++]
              05b4 dc01  st   $01,[y,x++]
              05b5 dc95  st   $95,[y,x++]
              05b6 dc00  st   $00,[y,x++]
              05b7 dc90  st   $90,[y,x++]
              05b8 dc8f  st   $8f,[y,x++]
              05b9 dc8d  st   $8d,[y,x++]
              05ba dc8c  st   $8c,[y,x++]
              05bb dc8d  st   $8d,[y,x++]
              05bc dc80  st   $80,[y,x++]
              05bd dc80  st   $80,[y,x++]
              05be dc8d  st   $8d,[y,x++]
              05bf dc90  st   $90,[y,x++]
              05c0 dc92  st   $92,[y,x++]
              05c1 dc93  st   $93,[y,x++]
              05c2 dc90  st   $90,[y,x++]
              05c3 dc97  st   $97,[y,x++]
              05c4 dc92  st   $92,[y,x++]
              05c5 dc95  st   $95,[y,x++]
              05c6 dc80  st   $80,[y,x++]
              05c7 dc8d  st   $8d,[y,x++]
              05c8 dc91  st   $91,[y,x++]
              05c9 dc01  st   $01,[y,x++]
              05ca dc90  st   $90,[y,x++]
              05cb dc00  st   $00,[y,x++]
              05cc dc92  st   $92,[y,x++]
              05cd dc93  st   $93,[y,x++]
              05ce dc8f  st   $8f,[y,x++]
              05cf dc8c  st   $8c,[y,x++]
              05d0 dc80  st   $80,[y,x++]
              05d1 dc8e  st   $8e,[y,x++]
              05d2 dc8d  st   $8d,[y,x++]
              05d3 dc8c  st   $8c,[y,x++]
              05d4 dc8d  st   $8d,[y,x++]
              05d5 dc8f  st   $8f,[y,x++]
              05d6 dc94  st   $94,[y,x++]
              05d7 dc94  st   $94,[y,x++]
              05d8 dc92  st   $92,[y,x++]
              05d9 dc90  st   $90,[y,x++]
              05da dc93  st   $93,[y,x++]
              05db dc92  st   $92,[y,x++]
              05dc dc90  st   $90,[y,x++]
              05dd dc92  st   $92,[y,x++]
              05de dc8d  st   $8d,[y,x++]
              05df dc8f  st   $8f,[y,x++]
              05e0 dc01  st   $01,[y,x++]
              05e1 dc93  st   $93,[y,x++]
              05e2 dc94  st   $94,[y,x++]
              05e3 dc00  st   $00,[y,x++]
              05e4 dc92  st   $92,[y,x++]
              05e5 dc90  st   $90,[y,x++]
              05e6 dc93  st   $93,[y,x++]
              05e7 dc92  st   $92,[y,x++]
              05e8 dc03  st   $03,[y,x++]
              05e9 dc93  st   $93,[y,x++]
              05ea 1403  ld   $03,y
              05eb 1000  ld   $00,x
              05ec dc00  st   $00,[y,x++]
              05ed dc84  st   $84,[y,x++]
              05ee dc84  st   $84,[y,x++]
              05ef dc83  st   $83,[y,x++]
              05f0 dc82  st   $82,[y,x++]
              05f1 dc01  st   $01,[y,x++]
              05f2 dc87  st   $87,[y,x++]
              05f3 dc05  st   $05,[y,x++]
              05f4 dc89  st   $89,[y,x++]
              05f5 dc00  st   $00,[y,x++]
              05f6 dc8b  st   $8b,[y,x++]
              05f7 dc8b  st   $8b,[y,x++]
              05f8 dc82  st   $82,[y,x++]
              05f9 dc81  st   $81,[y,x++]
              05fa dc86  st   $86,[y,x++]
              05fb dc86  st   $86,[y,x++]
              05fc dc84  st   $84,[y,x++]
              05fd dc86  st   $86,[y,x++]
              05fe dc84  st   $84,[y,x++]
              05ff dc83  st   $83,[y,x++]
              0600 dc89  st   $89,[y,x++]
              0601 dc8a  st   $8a,[y,x++]
              0602 dc84  st   $84,[y,x++]
              0603 dc84  st   $84,[y,x++]
              0604 dc83  st   $83,[y,x++]
              0605 dc82  st   $82,[y,x++]
              0606 dc01  st   $01,[y,x++]
              0607 dc87  st   $87,[y,x++]
              0608 dc04  st   $04,[y,x++]
              0609 dc89  st   $89,[y,x++]
              060a dc00  st   $00,[y,x++]
              060b dc88  st   $88,[y,x++]
              060c dc01  st   $01,[y,x++]
              060d dc8b  st   $8b,[y,x++]
              060e dc82  st   $82,[y,x++]
              060f dc02  st   $02,[y,x++]
              0610 dc89  st   $89,[y,x++]
              0611 dc00  st   $00,[y,x++]
              0612 dc80  st   $80,[y,x++]
              0613 dc80  st   $80,[y,x++]
              0614 dc82  st   $82,[y,x++]
              0615 dc80  st   $80,[y,x++]
              0616 dc80  st   $80,[y,x++]
              0617 dc00  st   $00,[y,x++]
              0618 dc84  st   $84,[y,x++]
              0619 dc84  st   $84,[y,x++]
              061a dc83  st   $83,[y,x++]
              061b dc82  st   $82,[y,x++]
              061c dc01  st   $01,[y,x++]
              061d dc87  st   $87,[y,x++]
              061e dc05  st   $05,[y,x++]
              061f dc89  st   $89,[y,x++]
              0620 dc00  st   $00,[y,x++]
              0621 dc8b  st   $8b,[y,x++]
              0622 dc8b  st   $8b,[y,x++]
              0623 dc82  st   $82,[y,x++]
              0624 dc81  st   $81,[y,x++]
              0625 dc86  st   $86,[y,x++]
              0626 dc86  st   $86,[y,x++]
              0627 dc84  st   $84,[y,x++]
              0628 dc86  st   $86,[y,x++]
              0629 dc84  st   $84,[y,x++]
              062a dc83  st   $83,[y,x++]
              062b dc89  st   $89,[y,x++]
              062c dc8a  st   $8a,[y,x++]
              062d dc84  st   $84,[y,x++]
              062e dc84  st   $84,[y,x++]
              062f dc83  st   $83,[y,x++]
              0630 dc82  st   $82,[y,x++]
              0631 dc01  st   $01,[y,x++]
              0632 dc87  st   $87,[y,x++]
              0633 dc04  st   $04,[y,x++]
              0634 dc89  st   $89,[y,x++]
              0635 dc00  st   $00,[y,x++]
              0636 dc88  st   $88,[y,x++]
              0637 dc01  st   $01,[y,x++]
              0638 dc8b  st   $8b,[y,x++]
              0639 dc82  st   $82,[y,x++]
              063a dc02  st   $02,[y,x++]
              063b dc89  st   $89,[y,x++]
              063c dc00  st   $00,[y,x++]
              063d dc80  st   $80,[y,x++]
              063e dc80  st   $80,[y,x++]
              063f dc82  st   $82,[y,x++]
              0640 dc8a  st   $8a,[y,x++]
              0641 dc8a  st   $8a,[y,x++]
              0642 dc85  st   $85,[y,x++]
              0643 dc8b  st   $8b,[y,x++]
              0644 dc89  st   $89,[y,x++]
              0645 dc81  st   $81,[y,x++]
              0646 dc87  st   $87,[y,x++]
              0647 dc86  st   $86,[y,x++]
              0648 dc05  st   $05,[y,x++]
              0649 dc84  st   $84,[y,x++]
              064a dc00  st   $00,[y,x++]
              064b dc85  st   $85,[y,x++]
              064c dc85  st   $85,[y,x++]
              064d dc83  st   $83,[y,x++]
              064e dc81  st   $81,[y,x++]
              064f dc84  st   $84,[y,x++]
              0650 dc82  st   $82,[y,x++]
              0651 dc03  st   $03,[y,x++]
              0652 dc84  st   $84,[y,x++]
              0653 1404  ld   $04,y
              0654 1000  ld   $00,x
              0655 dc01  st   $01,[y,x++]
              0656 dc80  st   $80,[y,x++]
              0657 dc80  st   $80,[y,x++]
              0658 dc96  st   $96,[y,x++]
              0659 dc80  st   $80,[y,x++]
              065a dc80  st   $80,[y,x++]
              065b dc8d  st   $8d,[y,x++]
              065c dc90  st   $90,[y,x++]
              065d dc00  st   $00,[y,x++]
              065e dc8f  st   $8f,[y,x++]
              065f dc80  st   $80,[y,x++]
              0660 dc92  st   $92,[y,x++]
              0661 dc8f  st   $8f,[y,x++]
              0662 dc07  st   $07,[y,x++]
              0663 dc80  st   $80,[y,x++]
              0664 dc01  st   $01,[y,x++]
              0665 dc96  st   $96,[y,x++]
              0666 dc06  st   $06,[y,x++]
              0667 dc80  st   $80,[y,x++]
              0668 dc00  st   $00,[y,x++]
              0669 dc8d  st   $8d,[y,x++]
              066a dc03  st   $03,[y,x++]
              066b dc80  st   $80,[y,x++]
              066c dc02  st   $02,[y,x++]
              066d dc84  st   $84,[y,x++]
              066e dc00  st   $00,[y,x++]
              066f dc80  st   $80,[y,x++]
              0670 dc8a  st   $8a,[y,x++]
              0671 dc8a  st   $8a,[y,x++]
              0672 dc01  st   $01,[y,x++]
              0673 dc80  st   $80,[y,x++]
              0674 dc80  st   $80,[y,x++]
              0675 dc96  st   $96,[y,x++]
              0676 dc80  st   $80,[y,x++]
              0677 dc80  st   $80,[y,x++]
              0678 dc8d  st   $8d,[y,x++]
              0679 dc90  st   $90,[y,x++]
              067a dc00  st   $00,[y,x++]
              067b dc8f  st   $8f,[y,x++]
              067c dc80  st   $80,[y,x++]
              067d dc92  st   $92,[y,x++]
              067e dc8f  st   $8f,[y,x++]
              067f dc07  st   $07,[y,x++]
              0680 dc80  st   $80,[y,x++]
              0681 dc01  st   $01,[y,x++]
              0682 dc96  st   $96,[y,x++]
              0683 dc06  st   $06,[y,x++]
              0684 dc80  st   $80,[y,x++]
              0685 dc00  st   $00,[y,x++]
              0686 dc8d  st   $8d,[y,x++]
              0687 dc03  st   $03,[y,x++]
              0688 dc80  st   $80,[y,x++]
              0689 dc02  st   $02,[y,x++]
              068a dc84  st   $84,[y,x++]
              068b dc00  st   $00,[y,x++]
              068c dc80  st   $80,[y,x++]
              068d dc8a  st   $8a,[y,x++]
              068e dc8a  st   $8a,[y,x++]
              068f dca0  st   $a0,[y,x++]
              0690 dc9f  st   $9f,[y,x++]
              0691 dc9e  st   $9e,[y,x++]
              0692 dc9c  st   $9c,[y,x++]
              0693 dc9b  st   $9b,[y,x++]
              0694 dc9c  st   $9c,[y,x++]
              0695 dc9b  st   $9b,[y,x++]
              0696 dc80  st   $80,[y,x++]
              0697 dc99  st   $99,[y,x++]
              0698 dc80  st   $80,[y,x++]
              0699 dc8d  st   $8d,[y,x++]
              069a dc8d  st   $8d,[y,x++]
              069b dca0  st   $a0,[y,x++]
              069c dc9f  st   $9f,[y,x++]
              069d dc9e  st   $9e,[y,x++]
              069e dc9c  st   $9c,[y,x++]
              069f dc9b  st   $9b,[y,x++]
              06a0 dc9c  st   $9c,[y,x++]
              06a1 dc03  st   $03,[y,x++]
              06a2 dc9b  st   $9b,[y,x++]
              06a3 1400  ld   $00,y
              06a4 e042  jmp  y,$42
              06a5 0200  nop
              06a6
